// Jest Snapshot v1, https://goo.gl/fbAQLP

exports[`props should render align 1`] = `
.emotion-3 {
  display: -webkit-box;
  display: -webkit-flex;
  display: -ms-flexbox;
  display: flex;
  -webkit-align-items: center;
  -webkit-box-align: center;
  -ms-flex-align: center;
  align-items: center;
  -webkit-flex-direction: row;
  -ms-flex-direction: row;
  flex-direction: row;
  -webkit-box-pack: justify;
  -webkit-justify-content: space-between;
  -ms-flex-pack: justify;
  justify-content: space-between;
  width: 100%;
  background: #fff;
  border-radius: 2px;
  border: 1px solid;
  border-color: #757575;
  box-shadow: transparent;
  display: -webkit-box;
  display: -webkit-flex;
  display: -ms-flexbox;
  display: flex;
  -webkit-flex: 1;
  -ms-flex: 1;
  flex: 1;
  font-size: 13px;
  outline: none;
  padding: 0 8px;
  position: relative;
  -webkit-transition: border-color 100ms ease;
  transition: border-color 100ms ease;
  width: 100%;
}

.emotion-3 > * + *:not(marquee) {
  margin-left: calc(4px * 2);
}

.emotion-3 > * {
  min-width: 0;
}

@media ( prefers-reduced-motion:reduce ) {
  .emotion-3 {
    -webkit-transition-duration: 0ms;
    transition-duration: 0ms;
  }
}

.emotion-3[disabled] {
  opacity: 0.6;
}

.emotion-3:hover {
  border-color: #757575;
}

.emotion-3:focus,
.emotion-3[data-focused='true'] {
  border-color: var( --wp-admin-theme-color,#00669b);
  box-shadow: 0 0 0,0.5px,[object Object];
}

.emotion-0 {
  -webkit-appearance: none;
  -moz-appearance: none;
  appearance: none;
  background: transparent;
  border: none;
  border-radius: 2px;
  box-shadow: none;
  box-sizing: border-box;
  color: 100:#8f98a1;
  150: #8d96a0;
  200: #7e8993;
  300: #6c7781;
  400: #606a73;
  500: #555d66;
  600: #40464d;
  700: #32373c;
  800: #23282d;
  900: #191e23;
  placeholder: rgba(30,30,30,0.62);
  primary: #1e1e1e;
  heading: #050505;
  display: block;
  -webkit-flex: 1;
  -ms-flex: 1;
  flex: 1;
  line-height: 18px;
  min-height: calc( 30px - 2px );
  outline: none;
  padding: 0;
  padding-bottom: calc( ( 30px - 2px - 18px ) / 2 );
  padding-top: calc( ( 30px - 2px - 18px ) / 2 );
  resize: none;
  text-align: left;
  width: 100%;
  font-size: 16px;
  min-height: calc( calc( 30px * 0.1 ) - 2px );
  padding-bottom: calc( ( calc( 30px * 0.1 ) - 2px - 18px ) / 2 );
  padding-top: calc( ( calc( 30px * 0.1 ) - 2px - 18px ) / 2 );
}

@media ( min-width:36em ) {
  .emotion-0 {
    font-size: 13px;
  }
}

.emotion-0::-webkit-outer-spin-button,
.emotion-0::-webkit-inner-spin-button {
  -webkit-appearance: none;
  margin: 0;
}

.emotion-0[type='number'] {
  -moz-appearance: textfield;
}

<div
  class="components-flex components-base-field emotion-3 components-text-input emotion-1 emotion-2"
  data-wp-c16t="true"
  data-wp-component="BaseField"
>
  <input
    autocomplete="off"
    class="emotion-0 emotion-1 emotion-2"
    data-wp-c16t="true"
    data-wp-component="TextInput"
    spellcheck="false"
    type="text"
    value=""
  />
</div>
`;

exports[`props should render correctly 1`] = `
.emotion-3 {
  display: -webkit-box;
  display: -webkit-flex;
  display: -ms-flexbox;
  display: flex;
  -webkit-align-items: center;
  -webkit-box-align: center;
  -ms-flex-align: center;
  align-items: center;
  -webkit-flex-direction: row;
  -ms-flex-direction: row;
  flex-direction: row;
  -webkit-box-pack: justify;
  -webkit-justify-content: space-between;
  -ms-flex-pack: justify;
  justify-content: space-between;
  width: 100%;
  background: #fff;
  border-radius: 2px;
  border: 1px solid;
  border-color: #757575;
  box-shadow: transparent;
  display: -webkit-box;
  display: -webkit-flex;
  display: -ms-flexbox;
  display: flex;
  -webkit-flex: 1;
  -ms-flex: 1;
  flex: 1;
  font-size: 13px;
  outline: none;
  padding: 0 8px;
  position: relative;
  -webkit-transition: border-color 100ms ease;
  transition: border-color 100ms ease;
  width: 100%;
}

.emotion-3 > * + *:not(marquee) {
  margin-left: calc(4px * 2);
}

.emotion-3 > * {
  min-width: 0;
}

@media ( prefers-reduced-motion:reduce ) {
  .emotion-3 {
    -webkit-transition-duration: 0ms;
    transition-duration: 0ms;
  }
}

.emotion-3[disabled] {
  opacity: 0.6;
}

.emotion-3:hover {
  border-color: #757575;
}

.emotion-3:focus,
.emotion-3[data-focused='true'] {
  border-color: var( --wp-admin-theme-color,#00669b);
  box-shadow: 0 0 0,0.5px,[object Object];
}

.emotion-0 {
  -webkit-appearance: none;
  -moz-appearance: none;
  appearance: none;
  background: transparent;
  border: none;
  border-radius: 2px;
  box-shadow: none;
  box-sizing: border-box;
  color: 100:#8f98a1;
  150: #8d96a0;
  200: #7e8993;
  300: #6c7781;
  400: #606a73;
  500: #555d66;
  600: #40464d;
  700: #32373c;
  800: #23282d;
  900: #191e23;
  placeholder: rgba(30,30,30,0.62);
  primary: #1e1e1e;
  heading: #050505;
  display: block;
  -webkit-flex: 1;
  -ms-flex: 1;
  flex: 1;
  line-height: 18px;
  min-height: calc( 30px - 2px );
  outline: none;
  padding: 0;
  padding-bottom: calc( ( 30px - 2px - 18px ) / 2 );
  padding-top: calc( ( 30px - 2px - 18px ) / 2 );
  resize: none;
  text-align: left;
  width: 100%;
  font-size: 16px;
  min-height: calc( calc( 30px * 0.1 ) - 2px );
  padding-bottom: calc( ( calc( 30px * 0.1 ) - 2px - 18px ) / 2 );
  padding-top: calc( ( calc( 30px * 0.1 ) - 2px - 18px ) / 2 );
}

@media ( min-width:36em ) {
  .emotion-0 {
    font-size: 13px;
  }
}

.emotion-0::-webkit-outer-spin-button,
.emotion-0::-webkit-inner-spin-button {
  -webkit-appearance: none;
  margin: 0;
}

.emotion-0[type='number'] {
  -moz-appearance: textfield;
}

<div
  class="components-flex components-base-field emotion-3 components-text-input emotion-1 emotion-2"
  data-wp-c16t="true"
  data-wp-component="BaseField"
>
  <input
    autocomplete="off"
    class="emotion-0 emotion-1 emotion-2"
    data-wp-c16t="true"
    data-wp-component="TextInput"
    spellcheck="false"
    type="text"
    value=""
  />
</div>
`;

exports[`props should render defaultValue 1`] = `
.emotion-3 {
  display: -webkit-box;
  display: -webkit-flex;
  display: -ms-flexbox;
  display: flex;
  -webkit-align-items: center;
  -webkit-box-align: center;
  -ms-flex-align: center;
  align-items: center;
  -webkit-flex-direction: row;
  -ms-flex-direction: row;
  flex-direction: row;
  -webkit-box-pack: justify;
  -webkit-justify-content: space-between;
  -ms-flex-pack: justify;
  justify-content: space-between;
  width: 100%;
  background: #fff;
  border-radius: 2px;
  border: 1px solid;
  border-color: #757575;
  box-shadow: transparent;
  display: -webkit-box;
  display: -webkit-flex;
  display: -ms-flexbox;
  display: flex;
  -webkit-flex: 1;
  -ms-flex: 1;
  flex: 1;
  font-size: 13px;
  outline: none;
  padding: 0 8px;
  position: relative;
  -webkit-transition: border-color 100ms ease;
  transition: border-color 100ms ease;
  width: 100%;
}

.emotion-3 > * + *:not(marquee) {
  margin-left: calc(4px * 2);
}

.emotion-3 > * {
  min-width: 0;
}

@media ( prefers-reduced-motion:reduce ) {
  .emotion-3 {
    -webkit-transition-duration: 0ms;
    transition-duration: 0ms;
  }
}

.emotion-3[disabled] {
  opacity: 0.6;
}

.emotion-3:hover {
  border-color: #757575;
}

.emotion-3:focus,
.emotion-3[data-focused='true'] {
  border-color: var( --wp-admin-theme-color,#00669b);
  box-shadow: 0 0 0,0.5px,[object Object];
}

.emotion-0 {
  -webkit-appearance: none;
  -moz-appearance: none;
  appearance: none;
  background: transparent;
  border: none;
  border-radius: 2px;
  box-shadow: none;
  box-sizing: border-box;
  color: 100:#8f98a1;
  150: #8d96a0;
  200: #7e8993;
  300: #6c7781;
  400: #606a73;
  500: #555d66;
  600: #40464d;
  700: #32373c;
  800: #23282d;
  900: #191e23;
  placeholder: rgba(30,30,30,0.62);
  primary: #1e1e1e;
  heading: #050505;
  display: block;
  -webkit-flex: 1;
  -ms-flex: 1;
  flex: 1;
  line-height: 18px;
  min-height: calc( 30px - 2px );
  outline: none;
  padding: 0;
  padding-bottom: calc( ( 30px - 2px - 18px ) / 2 );
  padding-top: calc( ( 30px - 2px - 18px ) / 2 );
  resize: none;
  text-align: left;
  width: 100%;
  font-size: 16px;
  min-height: calc( calc( 30px * 0.1 ) - 2px );
  padding-bottom: calc( ( calc( 30px * 0.1 ) - 2px - 18px ) / 2 );
  padding-top: calc( ( calc( 30px * 0.1 ) - 2px - 18px ) / 2 );
}

@media ( min-width:36em ) {
  .emotion-0 {
    font-size: 13px;
  }
}

.emotion-0::-webkit-outer-spin-button,
.emotion-0::-webkit-inner-spin-button {
  -webkit-appearance: none;
  margin: 0;
}

.emotion-0[type='number'] {
  -moz-appearance: textfield;
}

<div
  class="components-flex components-base-field emotion-3 components-text-input emotion-1 emotion-2"
  data-wp-c16t="true"
  data-wp-component="BaseField"
>
  <input
    autocomplete="off"
    class="emotion-0 emotion-1 emotion-2"
    data-wp-c16t="true"
    data-wp-component="TextInput"
    spellcheck="false"
    type="text"
    value="Olaf"
  />
</div>
`;

exports[`props should render disabled 1`] = `
.emotion-3 {
  display: -webkit-box;
  display: -webkit-flex;
  display: -ms-flexbox;
  display: flex;
  -webkit-align-items: center;
  -webkit-box-align: center;
  -ms-flex-align: center;
  align-items: center;
  -webkit-flex-direction: row;
  -ms-flex-direction: row;
  flex-direction: row;
  -webkit-box-pack: justify;
  -webkit-justify-content: space-between;
  -ms-flex-pack: justify;
  justify-content: space-between;
  width: 100%;
  background: #fff;
  border-radius: 2px;
  border: 1px solid;
  border-color: #757575;
  box-shadow: transparent;
  display: -webkit-box;
  display: -webkit-flex;
  display: -ms-flexbox;
  display: flex;
  -webkit-flex: 1;
  -ms-flex: 1;
  flex: 1;
  font-size: 13px;
  outline: none;
  padding: 0 8px;
  position: relative;
  -webkit-transition: border-color 100ms ease;
  transition: border-color 100ms ease;
  width: 100%;
}

.emotion-3 > * + *:not(marquee) {
  margin-left: calc(4px * 2);
}

.emotion-3 > * {
  min-width: 0;
}

@media ( prefers-reduced-motion:reduce ) {
  .emotion-3 {
    -webkit-transition-duration: 0ms;
    transition-duration: 0ms;
  }
}

.emotion-3[disabled] {
  opacity: 0.6;
}

.emotion-3:hover {
  border-color: #757575;
}

.emotion-3:focus,
.emotion-3[data-focused='true'] {
  border-color: var( --wp-admin-theme-color,#00669b);
  box-shadow: 0 0 0,0.5px,[object Object];
}

.emotion-0 {
  -webkit-appearance: none;
  -moz-appearance: none;
  appearance: none;
  background: transparent;
  border: none;
  border-radius: 2px;
  box-shadow: none;
  box-sizing: border-box;
  color: 100:#8f98a1;
  150: #8d96a0;
  200: #7e8993;
  300: #6c7781;
  400: #606a73;
  500: #555d66;
  600: #40464d;
  700: #32373c;
  800: #23282d;
  900: #191e23;
  placeholder: rgba(30,30,30,0.62);
  primary: #1e1e1e;
  heading: #050505;
  display: block;
  -webkit-flex: 1;
  -ms-flex: 1;
  flex: 1;
  line-height: 18px;
  min-height: calc( 30px - 2px );
  outline: none;
  padding: 0;
  padding-bottom: calc( ( 30px - 2px - 18px ) / 2 );
  padding-top: calc( ( 30px - 2px - 18px ) / 2 );
  resize: none;
  text-align: left;
  width: 100%;
  font-size: 16px;
  min-height: calc( calc( 30px * 0.1 ) - 2px );
  padding-bottom: calc( ( calc( 30px * 0.1 ) - 2px - 18px ) / 2 );
  padding-top: calc( ( calc( 30px * 0.1 ) - 2px - 18px ) / 2 );
}

@media ( min-width:36em ) {
  .emotion-0 {
    font-size: 13px;
  }
}

.emotion-0::-webkit-outer-spin-button,
.emotion-0::-webkit-inner-spin-button {
  -webkit-appearance: none;
  margin: 0;
}

.emotion-0[type='number'] {
  -moz-appearance: textfield;
}

<div
  class="components-flex components-base-field emotion-3 components-text-input emotion-1 emotion-2"
  data-wp-c16t="true"
  data-wp-component="BaseField"
  disabled=""
>
  <input
    autocomplete="off"
    class="emotion-0 emotion-1 emotion-2"
    data-wp-c16t="true"
    data-wp-component="TextInput"
    disabled=""
    spellcheck="false"
    type="text"
    value=""
  />
</div>
`;

exports[`props should render gap 1`] = `
.emotion-3 {
  display: -webkit-box;
  display: -webkit-flex;
  display: -ms-flexbox;
  display: flex;
  -webkit-align-items: center;
  -webkit-box-align: center;
  -ms-flex-align: center;
  align-items: center;
  -webkit-flex-direction: row;
  -ms-flex-direction: row;
  flex-direction: row;
  -webkit-box-pack: justify;
  -webkit-justify-content: space-between;
  -ms-flex-pack: justify;
  justify-content: space-between;
  width: 100%;
  background: #fff;
  border-radius: 2px;
  border: 1px solid;
  border-color: #757575;
  box-shadow: transparent;
  display: -webkit-box;
  display: -webkit-flex;
  display: -ms-flexbox;
  display: flex;
  -webkit-flex: 1;
  -ms-flex: 1;
  flex: 1;
  font-size: 13px;
  outline: none;
  padding: 0 8px;
  position: relative;
  -webkit-transition: border-color 100ms ease;
  transition: border-color 100ms ease;
  width: 100%;
}

.emotion-3 > * + *:not(marquee) {
  margin-left: calc(4px * 2);
}

.emotion-3 > * {
  min-width: 0;
}

@media ( prefers-reduced-motion:reduce ) {
  .emotion-3 {
    -webkit-transition-duration: 0ms;
    transition-duration: 0ms;
  }
}

.emotion-3[disabled] {
  opacity: 0.6;
}

.emotion-3:hover {
  border-color: #757575;
}

.emotion-3:focus,
.emotion-3[data-focused='true'] {
  border-color: var( --wp-admin-theme-color,#00669b);
  box-shadow: 0 0 0,0.5px,[object Object];
}

.emotion-0 {
  -webkit-appearance: none;
  -moz-appearance: none;
  appearance: none;
  background: transparent;
  border: none;
  border-radius: 2px;
  box-shadow: none;
  box-sizing: border-box;
  color: 100:#8f98a1;
  150: #8d96a0;
  200: #7e8993;
  300: #6c7781;
  400: #606a73;
  500: #555d66;
  600: #40464d;
  700: #32373c;
  800: #23282d;
  900: #191e23;
  placeholder: rgba(30,30,30,0.62);
  primary: #1e1e1e;
  heading: #050505;
  display: block;
  -webkit-flex: 1;
  -ms-flex: 1;
  flex: 1;
  line-height: 18px;
  min-height: calc( 30px - 2px );
  outline: none;
  padding: 0;
  padding-bottom: calc( ( 30px - 2px - 18px ) / 2 );
  padding-top: calc( ( 30px - 2px - 18px ) / 2 );
  resize: none;
  text-align: left;
  width: 100%;
  font-size: 16px;
  min-height: calc( calc( 30px * 0.1 ) - 2px );
  padding-bottom: calc( ( calc( 30px * 0.1 ) - 2px - 18px ) / 2 );
  padding-top: calc( ( calc( 30px * 0.1 ) - 2px - 18px ) / 2 );
}

@media ( min-width:36em ) {
  .emotion-0 {
    font-size: 13px;
  }
}

.emotion-0::-webkit-outer-spin-button,
.emotion-0::-webkit-inner-spin-button {
  -webkit-appearance: none;
  margin: 0;
}

.emotion-0[type='number'] {
  -moz-appearance: textfield;
}

<div
  class="components-flex components-base-field emotion-3 components-text-input emotion-1 emotion-2"
  data-wp-c16t="true"
  data-wp-component="BaseField"
>
  <input
    autocomplete="off"
    class="emotion-0 emotion-1 emotion-2"
    data-wp-c16t="true"
    data-wp-component="TextInput"
    spellcheck="false"
    type="text"
    value=""
  />
</div>
`;

exports[`props should render isRounded 1`] = `
.emotion-3 {
  display: -webkit-box;
  display: -webkit-flex;
  display: -ms-flexbox;
  display: flex;
  -webkit-align-items: center;
  -webkit-box-align: center;
  -ms-flex-align: center;
  align-items: center;
  -webkit-flex-direction: row;
  -ms-flex-direction: row;
  flex-direction: row;
  -webkit-box-pack: justify;
  -webkit-justify-content: space-between;
  -ms-flex-pack: justify;
  justify-content: space-between;
  width: 100%;
  background: #fff;
  border-radius: 2px;
  border: 1px solid;
  border-color: #757575;
  box-shadow: transparent;
  display: -webkit-box;
  display: -webkit-flex;
  display: -ms-flexbox;
  display: flex;
  -webkit-flex: 1;
  -ms-flex: 1;
  flex: 1;
  font-size: 13px;
  outline: none;
  padding: 0 8px;
  position: relative;
  -webkit-transition: border-color 100ms ease;
  transition: border-color 100ms ease;
  width: 100%;
}

.emotion-3 > * + *:not(marquee) {
  margin-left: calc(4px * 2);
}

.emotion-3 > * {
  min-width: 0;
}

@media ( prefers-reduced-motion:reduce ) {
  .emotion-3 {
    -webkit-transition-duration: 0ms;
    transition-duration: 0ms;
  }
}

.emotion-3[disabled] {
  opacity: 0.6;
}

.emotion-3:hover {
  border-color: #757575;
}

.emotion-3:focus,
.emotion-3[data-focused='true'] {
  border-color: var( --wp-admin-theme-color,#00669b);
  box-shadow: 0 0 0,0.5px,[object Object];
}

.emotion-0 {
  -webkit-appearance: none;
  -moz-appearance: none;
  appearance: none;
  background: transparent;
  border: none;
  border-radius: 2px;
  box-shadow: none;
  box-sizing: border-box;
  color: 100:#8f98a1;
  150: #8d96a0;
  200: #7e8993;
  300: #6c7781;
  400: #606a73;
  500: #555d66;
  600: #40464d;
  700: #32373c;
  800: #23282d;
  900: #191e23;
  placeholder: rgba(30,30,30,0.62);
  primary: #1e1e1e;
  heading: #050505;
  display: block;
  -webkit-flex: 1;
  -ms-flex: 1;
  flex: 1;
  line-height: 18px;
  min-height: calc( 30px - 2px );
  outline: none;
  padding: 0;
  padding-bottom: calc( ( 30px - 2px - 18px ) / 2 );
  padding-top: calc( ( 30px - 2px - 18px ) / 2 );
  resize: none;
  text-align: left;
  width: 100%;
  font-size: 16px;
  min-height: calc( calc( 30px * 0.1 ) - 2px );
  padding-bottom: calc( ( calc( 30px * 0.1 ) - 2px - 18px ) / 2 );
  padding-top: calc( ( calc( 30px * 0.1 ) - 2px - 18px ) / 2 );
}

@media ( min-width:36em ) {
  .emotion-0 {
    font-size: 13px;
  }
}

.emotion-0::-webkit-outer-spin-button,
.emotion-0::-webkit-inner-spin-button {
  -webkit-appearance: none;
  margin: 0;
}

.emotion-0[type='number'] {
  -moz-appearance: textfield;
}

<div
  class="components-flex components-base-field emotion-3 components-text-input emotion-1 emotion-2"
  data-wp-c16t="true"
  data-wp-component="BaseField"
>
  <input
    autocomplete="off"
    class="emotion-0 emotion-1 emotion-2"
    data-wp-c16t="true"
    data-wp-component="TextInput"
    spellcheck="false"
    type="text"
    value=""
  />
</div>
`;

exports[`props should render justify 1`] = `
.emotion-3 {
  display: -webkit-box;
  display: -webkit-flex;
  display: -ms-flexbox;
  display: flex;
  -webkit-align-items: center;
  -webkit-box-align: center;
  -ms-flex-align: center;
  align-items: center;
  -webkit-flex-direction: row;
  -ms-flex-direction: row;
  flex-direction: row;
  -webkit-box-pack: justify;
  -webkit-justify-content: space-between;
  -ms-flex-pack: justify;
  justify-content: space-between;
  width: 100%;
  background: #fff;
  border-radius: 2px;
  border: 1px solid;
  border-color: #757575;
  box-shadow: transparent;
  display: -webkit-box;
  display: -webkit-flex;
  display: -ms-flexbox;
  display: flex;
  -webkit-flex: 1;
  -ms-flex: 1;
  flex: 1;
  font-size: 13px;
  outline: none;
  padding: 0 8px;
  position: relative;
  -webkit-transition: border-color 100ms ease;
  transition: border-color 100ms ease;
  width: 100%;
}

.emotion-3 > * + *:not(marquee) {
  margin-left: calc(4px * 2);
}

.emotion-3 > * {
  min-width: 0;
}

@media ( prefers-reduced-motion:reduce ) {
  .emotion-3 {
    -webkit-transition-duration: 0ms;
    transition-duration: 0ms;
  }
}

.emotion-3[disabled] {
  opacity: 0.6;
}

.emotion-3:hover {
  border-color: #757575;
}

.emotion-3:focus,
.emotion-3[data-focused='true'] {
  border-color: var( --wp-admin-theme-color,#00669b);
  box-shadow: 0 0 0,0.5px,[object Object];
}

.emotion-0 {
  -webkit-appearance: none;
  -moz-appearance: none;
  appearance: none;
  background: transparent;
  border: none;
  border-radius: 2px;
  box-shadow: none;
  box-sizing: border-box;
  color: 100:#8f98a1;
  150: #8d96a0;
  200: #7e8993;
  300: #6c7781;
  400: #606a73;
  500: #555d66;
  600: #40464d;
  700: #32373c;
  800: #23282d;
  900: #191e23;
  placeholder: rgba(30,30,30,0.62);
  primary: #1e1e1e;
  heading: #050505;
  display: block;
  -webkit-flex: 1;
  -ms-flex: 1;
  flex: 1;
  line-height: 18px;
  min-height: calc( 30px - 2px );
  outline: none;
  padding: 0;
  padding-bottom: calc( ( 30px - 2px - 18px ) / 2 );
  padding-top: calc( ( 30px - 2px - 18px ) / 2 );
  resize: none;
  text-align: left;
  width: 100%;
  font-size: 16px;
  min-height: calc( calc( 30px * 0.1 ) - 2px );
  padding-bottom: calc( ( calc( 30px * 0.1 ) - 2px - 18px ) / 2 );
  padding-top: calc( ( calc( 30px * 0.1 ) - 2px - 18px ) / 2 );
}

@media ( min-width:36em ) {
  .emotion-0 {
    font-size: 13px;
  }
}

.emotion-0::-webkit-outer-spin-button,
.emotion-0::-webkit-inner-spin-button {
  -webkit-appearance: none;
  margin: 0;
}

.emotion-0[type='number'] {
  -moz-appearance: textfield;
}

<div
  class="components-flex components-base-field emotion-3 components-text-input emotion-1 emotion-2"
  data-wp-c16t="true"
  data-wp-component="BaseField"
>
  <input
    autocomplete="off"
    class="emotion-0 emotion-1 emotion-2"
    data-wp-c16t="true"
    data-wp-component="TextInput"
    spellcheck="false"
    type="text"
    value=""
  />
</div>
`;

exports[`props should render prefix 1`] = `
.emotion-3 {
  display: -webkit-box;
  display: -webkit-flex;
  display: -ms-flexbox;
  display: flex;
  -webkit-align-items: center;
  -webkit-box-align: center;
  -ms-flex-align: center;
  align-items: center;
  -webkit-flex-direction: row;
  -ms-flex-direction: row;
  flex-direction: row;
  -webkit-box-pack: justify;
  -webkit-justify-content: space-between;
  -ms-flex-pack: justify;
  justify-content: space-between;
  width: 100%;
  background: #fff;
  border-radius: 2px;
  border: 1px solid;
  border-color: #757575;
  box-shadow: transparent;
  display: -webkit-box;
  display: -webkit-flex;
  display: -ms-flexbox;
  display: flex;
  -webkit-flex: 1;
  -ms-flex: 1;
  flex: 1;
  font-size: 13px;
  outline: none;
  padding: 0 8px;
  position: relative;
  -webkit-transition: border-color 100ms ease;
  transition: border-color 100ms ease;
  width: 100%;
}

.emotion-3 > * + *:not(marquee) {
  margin-left: calc(4px * 2);
}

.emotion-3 > * {
  min-width: 0;
}

@media ( prefers-reduced-motion:reduce ) {
  .emotion-3 {
    -webkit-transition-duration: 0ms;
    transition-duration: 0ms;
  }
}

.emotion-3[disabled] {
  opacity: 0.6;
}

.emotion-3:hover {
  border-color: #757575;
}

.emotion-3:focus,
.emotion-3[data-focused='true'] {
  border-color: var( --wp-admin-theme-color,#00669b);
  box-shadow: 0 0 0,0.5px,[object Object];
}

.emotion-0 {
  -webkit-appearance: none;
  -moz-appearance: none;
  appearance: none;
  background: transparent;
  border: none;
  border-radius: 2px;
  box-shadow: none;
  box-sizing: border-box;
  color: 100:#8f98a1;
  150: #8d96a0;
  200: #7e8993;
  300: #6c7781;
  400: #606a73;
  500: #555d66;
  600: #40464d;
  700: #32373c;
  800: #23282d;
  900: #191e23;
  placeholder: rgba(30,30,30,0.62);
  primary: #1e1e1e;
  heading: #050505;
  display: block;
  -webkit-flex: 1;
  -ms-flex: 1;
  flex: 1;
  line-height: 18px;
  min-height: calc( 30px - 2px );
  outline: none;
  padding: 0;
  padding-bottom: calc( ( 30px - 2px - 18px ) / 2 );
  padding-top: calc( ( 30px - 2px - 18px ) / 2 );
  resize: none;
  text-align: left;
  width: 100%;
  font-size: 16px;
  min-height: calc( calc( 30px * 0.1 ) - 2px );
  padding-bottom: calc( ( calc( 30px * 0.1 ) - 2px - 18px ) / 2 );
  padding-top: calc( ( calc( 30px * 0.1 ) - 2px - 18px ) / 2 );
}

@media ( min-width:36em ) {
  .emotion-0 {
    font-size: 13px;
  }
}

.emotion-0::-webkit-outer-spin-button,
.emotion-0::-webkit-inner-spin-button {
  -webkit-appearance: none;
  margin: 0;
}

.emotion-0[type='number'] {
  -moz-appearance: textfield;
}

<div
  class="components-flex components-base-field emotion-3 components-text-input emotion-1 emotion-2"
  data-wp-c16t="true"
  data-wp-component="BaseField"
>
  <span>
    prefix
  </span>
  <input
    autocomplete="off"
    class="emotion-0 emotion-1 emotion-2"
    data-wp-c16t="true"
    data-wp-component="TextInput"
    spellcheck="false"
    type="text"
    value=""
  />
</div>
`;

exports[`props should render seamless 1`] = `
.emotion-3 {
  display: -webkit-box;
  display: -webkit-flex;
  display: -ms-flexbox;
  display: flex;
  -webkit-align-items: center;
  -webkit-box-align: center;
  -ms-flex-align: center;
  align-items: center;
  -webkit-flex-direction: row;
  -ms-flex-direction: row;
  flex-direction: row;
  -webkit-box-pack: justify;
  -webkit-justify-content: space-between;
  -ms-flex-pack: justify;
  justify-content: space-between;
  width: 100%;
  background: #fff;
  border-radius: 2px;
  border: 1px solid;
  border-color: #757575;
  box-shadow: transparent;
  display: -webkit-box;
  display: -webkit-flex;
  display: -ms-flexbox;
  display: flex;
  -webkit-flex: 1;
  -ms-flex: 1;
  flex: 1;
  font-size: 13px;
  outline: none;
  padding: 0 8px;
  position: relative;
  -webkit-transition: border-color 100ms ease;
  transition: border-color 100ms ease;
  width: 100%;
}

.emotion-3 > * + *:not(marquee) {
  margin-left: calc(4px * 2);
}

.emotion-3 > * {
  min-width: 0;
}

@media ( prefers-reduced-motion:reduce ) {
  .emotion-3 {
    -webkit-transition-duration: 0ms;
    transition-duration: 0ms;
  }
}

.emotion-3[disabled] {
  opacity: 0.6;
}

.emotion-3:hover {
  border-color: #757575;
}

.emotion-3:focus,
.emotion-3[data-focused='true'] {
  border-color: var( --wp-admin-theme-color,#00669b);
  box-shadow: 0 0 0,0.5px,[object Object];
}

.emotion-0 {
  -webkit-appearance: none;
  -moz-appearance: none;
  appearance: none;
  background: transparent;
  border: none;
  border-radius: 2px;
  box-shadow: none;
  box-sizing: border-box;
  color: 100:#8f98a1;
  150: #8d96a0;
  200: #7e8993;
  300: #6c7781;
  400: #606a73;
  500: #555d66;
  600: #40464d;
  700: #32373c;
  800: #23282d;
  900: #191e23;
  placeholder: rgba(30,30,30,0.62);
  primary: #1e1e1e;
  heading: #050505;
  display: block;
  -webkit-flex: 1;
  -ms-flex: 1;
  flex: 1;
  line-height: 18px;
  min-height: calc( 30px - 2px );
  outline: none;
  padding: 0;
  padding-bottom: calc( ( 30px - 2px - 18px ) / 2 );
  padding-top: calc( ( 30px - 2px - 18px ) / 2 );
  resize: none;
  text-align: left;
  width: 100%;
  font-size: 16px;
  min-height: calc( calc( 30px * 0.1 ) - 2px );
  padding-bottom: calc( ( calc( 30px * 0.1 ) - 2px - 18px ) / 2 );
  padding-top: calc( ( calc( 30px * 0.1 ) - 2px - 18px ) / 2 );
}

@media ( min-width:36em ) {
  .emotion-0 {
    font-size: 13px;
  }
}

.emotion-0::-webkit-outer-spin-button,
.emotion-0::-webkit-inner-spin-button {
  -webkit-appearance: none;
  margin: 0;
}

.emotion-0[type='number'] {
  -moz-appearance: textfield;
}

<div
  class="components-flex components-base-field emotion-3 components-text-input emotion-1 emotion-2"
  data-wp-c16t="true"
  data-wp-component="BaseField"
>
  <input
    autocomplete="off"
    class="emotion-0 emotion-1 emotion-2"
    data-wp-c16t="true"
    data-wp-component="TextInput"
    seamless=""
    spellcheck="false"
    type="text"
    value=""
  />
</div>
`;

exports[`props should render size 1`] = `
.emotion-3 {
  display: -webkit-box;
  display: -webkit-flex;
  display: -ms-flexbox;
  display: flex;
  -webkit-align-items: center;
  -webkit-box-align: center;
  -ms-flex-align: center;
  align-items: center;
  -webkit-flex-direction: row;
  -ms-flex-direction: row;
  flex-direction: row;
  -webkit-box-pack: justify;
  -webkit-justify-content: space-between;
  -ms-flex-pack: justify;
  justify-content: space-between;
  width: 100%;
  background: #fff;
  border-radius: 2px;
  border: 1px solid;
  border-color: #757575;
  box-shadow: transparent;
  display: -webkit-box;
  display: -webkit-flex;
  display: -ms-flexbox;
  display: flex;
  -webkit-flex: 1;
  -ms-flex: 1;
  flex: 1;
  font-size: 13px;
  outline: none;
  padding: 0 8px;
  position: relative;
  -webkit-transition: border-color 100ms ease;
  transition: border-color 100ms ease;
  width: 100%;
}

.emotion-3 > * + *:not(marquee) {
  margin-left: calc(4px * 2);
}

.emotion-3 > * {
  min-width: 0;
}

@media ( prefers-reduced-motion:reduce ) {
  .emotion-3 {
    -webkit-transition-duration: 0ms;
    transition-duration: 0ms;
  }
}

.emotion-3[disabled] {
  opacity: 0.6;
}

.emotion-3:hover {
  border-color: #757575;
}

.emotion-3:focus,
.emotion-3[data-focused='true'] {
  border-color: var( --wp-admin-theme-color,#00669b);
  box-shadow: 0 0 0,0.5px,[object Object];
}

.emotion-0 {
  -webkit-appearance: none;
  -moz-appearance: none;
  appearance: none;
  background: transparent;
  border: none;
  border-radius: 2px;
  box-shadow: none;
  box-sizing: border-box;
  color: 100:#8f98a1;
  150: #8d96a0;
  200: #7e8993;
  300: #6c7781;
  400: #606a73;
  500: #555d66;
  600: #40464d;
  700: #32373c;
  800: #23282d;
  900: #191e23;
  placeholder: rgba(30,30,30,0.62);
  primary: #1e1e1e;
  heading: #050505;
  display: block;
  -webkit-flex: 1;
  -ms-flex: 1;
  flex: 1;
  line-height: 18px;
  min-height: calc( 30px - 2px );
  outline: none;
  padding: 0;
  padding-bottom: calc( ( 30px - 2px - 18px ) / 2 );
  padding-top: calc( ( 30px - 2px - 18px ) / 2 );
  resize: none;
  text-align: left;
  width: 100%;
  font-size: 16px;
  min-height: calc( calc( 30px * 0.8 ) - 2px );
  padding-bottom: calc( ( calc( 30px * 0.8 ) - 2px - 18px ) / 2 );
  padding-top: calc( ( calc( 30px * 0.8 ) - 2px - 18px ) / 2 );
}

@media ( min-width:36em ) {
  .emotion-0 {
    font-size: 13px;
  }
}

.emotion-0::-webkit-outer-spin-button,
.emotion-0::-webkit-inner-spin-button {
  -webkit-appearance: none;
  margin: 0;
}

.emotion-0[type='number'] {
  -moz-appearance: textfield;
}

<div
  class="components-flex components-base-field emotion-3 components-text-input emotion-1 emotion-2"
  data-wp-c16t="true"
  data-wp-component="BaseField"
>
  <input
    autocomplete="off"
    class="emotion-0 emotion-1 emotion-2"
    data-wp-c16t="true"
    data-wp-component="TextInput"
    spellcheck="false"
    type="text"
    value=""
  />
</div>
`;

exports[`props should render suffix 1`] = `
.emotion-3 {
  display: -webkit-box;
  display: -webkit-flex;
  display: -ms-flexbox;
  display: flex;
  -webkit-align-items: center;
  -webkit-box-align: center;
  -ms-flex-align: center;
  align-items: center;
  -webkit-flex-direction: row;
  -ms-flex-direction: row;
  flex-direction: row;
  -webkit-box-pack: justify;
  -webkit-justify-content: space-between;
  -ms-flex-pack: justify;
  justify-content: space-between;
  width: 100%;
  background: #fff;
  border-radius: 2px;
  border: 1px solid;
  border-color: #757575;
  box-shadow: transparent;
  display: -webkit-box;
  display: -webkit-flex;
  display: -ms-flexbox;
  display: flex;
  -webkit-flex: 1;
  -ms-flex: 1;
  flex: 1;
  font-size: 13px;
  outline: none;
  padding: 0 8px;
  position: relative;
  -webkit-transition: border-color 100ms ease;
  transition: border-color 100ms ease;
  width: 100%;
}

.emotion-3 > * + *:not(marquee) {
  margin-left: calc(4px * 2);
}

.emotion-3 > * {
  min-width: 0;
}

@media ( prefers-reduced-motion:reduce ) {
  .emotion-3 {
    -webkit-transition-duration: 0ms;
    transition-duration: 0ms;
  }
}

.emotion-3[disabled] {
  opacity: 0.6;
}

.emotion-3:hover {
  border-color: #757575;
}

.emotion-3:focus,
.emotion-3[data-focused='true'] {
  border-color: var( --wp-admin-theme-color,#00669b);
  box-shadow: 0 0 0,0.5px,[object Object];
}

.emotion-0 {
  -webkit-appearance: none;
  -moz-appearance: none;
  appearance: none;
  background: transparent;
  border: none;
  border-radius: 2px;
  box-shadow: none;
  box-sizing: border-box;
  color: 100:#8f98a1;
  150: #8d96a0;
  200: #7e8993;
  300: #6c7781;
  400: #606a73;
  500: #555d66;
  600: #40464d;
  700: #32373c;
  800: #23282d;
  900: #191e23;
  placeholder: rgba(30,30,30,0.62);
  primary: #1e1e1e;
  heading: #050505;
  display: block;
  -webkit-flex: 1;
  -ms-flex: 1;
  flex: 1;
  line-height: 18px;
  min-height: calc( 30px - 2px );
  outline: none;
  padding: 0;
  padding-bottom: calc( ( 30px - 2px - 18px ) / 2 );
  padding-top: calc( ( 30px - 2px - 18px ) / 2 );
  resize: none;
  text-align: left;
  width: 100%;
  font-size: 16px;
  min-height: calc( calc( 30px * 0.1 ) - 2px );
  padding-bottom: calc( ( calc( 30px * 0.1 ) - 2px - 18px ) / 2 );
  padding-top: calc( ( calc( 30px * 0.1 ) - 2px - 18px ) / 2 );
}

@media ( min-width:36em ) {
  .emotion-0 {
    font-size: 13px;
  }
}

.emotion-0::-webkit-outer-spin-button,
.emotion-0::-webkit-inner-spin-button {
  -webkit-appearance: none;
  margin: 0;
}

.emotion-0[type='number'] {
  -moz-appearance: textfield;
}

<div
  class="components-flex components-base-field emotion-3 components-text-input emotion-1 emotion-2"
  data-wp-c16t="true"
  data-wp-component="BaseField"
>
  <input
    autocomplete="off"
    class="emotion-0 emotion-1 emotion-2"
    data-wp-c16t="true"
    data-wp-component="TextInput"
    spellcheck="false"
    type="text"
    value=""
  />
  <span>
    suffix
  </span>
</div>
`;

exports[`props should render value 1`] = `
.emotion-3 {
  display: -webkit-box;
  display: -webkit-flex;
  display: -ms-flexbox;
  display: flex;
  -webkit-align-items: center;
  -webkit-box-align: center;
  -ms-flex-align: center;
  align-items: center;
  -webkit-flex-direction: row;
  -ms-flex-direction: row;
  flex-direction: row;
  -webkit-box-pack: justify;
  -webkit-justify-content: space-between;
  -ms-flex-pack: justify;
  justify-content: space-between;
  width: 100%;
  background: #fff;
  border-radius: 2px;
  border: 1px solid;
  border-color: #757575;
  box-shadow: transparent;
  display: -webkit-box;
  display: -webkit-flex;
  display: -ms-flexbox;
  display: flex;
  -webkit-flex: 1;
  -ms-flex: 1;
  flex: 1;
  font-size: 13px;
  outline: none;
  padding: 0 8px;
  position: relative;
  -webkit-transition: border-color 100ms ease;
  transition: border-color 100ms ease;
  width: 100%;
}

.emotion-3 > * + *:not(marquee) {
  margin-left: calc(4px * 2);
}

.emotion-3 > * {
  min-width: 0;
}

@media ( prefers-reduced-motion:reduce ) {
  .emotion-3 {
    -webkit-transition-duration: 0ms;
    transition-duration: 0ms;
  }
}

.emotion-3[disabled] {
  opacity: 0.6;
}

.emotion-3:hover {
  border-color: #757575;
}

.emotion-3:focus,
.emotion-3[data-focused='true'] {
  border-color: var( --wp-admin-theme-color,#00669b);
  box-shadow: 0 0 0,0.5px,[object Object];
}

.emotion-0 {
  -webkit-appearance: none;
  -moz-appearance: none;
  appearance: none;
  background: transparent;
  border: none;
  border-radius: 2px;
  box-shadow: none;
  box-sizing: border-box;
  color: 100:#8f98a1;
  150: #8d96a0;
  200: #7e8993;
  300: #6c7781;
  400: #606a73;
  500: #555d66;
  600: #40464d;
  700: #32373c;
  800: #23282d;
  900: #191e23;
  placeholder: rgba(30,30,30,0.62);
  primary: #1e1e1e;
  heading: #050505;
  display: block;
  -webkit-flex: 1;
  -ms-flex: 1;
  flex: 1;
  line-height: 18px;
  min-height: calc( 30px - 2px );
  outline: none;
  padding: 0;
  padding-bottom: calc( ( 30px - 2px - 18px ) / 2 );
  padding-top: calc( ( 30px - 2px - 18px ) / 2 );
  resize: none;
  text-align: left;
  width: 100%;
  font-size: 16px;
  min-height: calc( calc( 30px * 0.1 ) - 2px );
  padding-bottom: calc( ( calc( 30px * 0.1 ) - 2px - 18px ) / 2 );
  padding-top: calc( ( calc( 30px * 0.1 ) - 2px - 18px ) / 2 );
}

@media ( min-width:36em ) {
  .emotion-0 {
    font-size: 13px;
  }
}

.emotion-0::-webkit-outer-spin-button,
.emotion-0::-webkit-inner-spin-button {
  -webkit-appearance: none;
  margin: 0;
}

.emotion-0[type='number'] {
  -moz-appearance: textfield;
}

<div
  class="components-flex components-base-field emotion-3 components-text-input emotion-1 emotion-2"
  data-wp-c16t="true"
  data-wp-component="BaseField"
>
  <input
    autocomplete="off"
    class="emotion-0 emotion-1 emotion-2"
    data-wp-c16t="true"
    data-wp-component="TextInput"
    spellcheck="false"
    type="text"
    value="Olaf"
  />
</div>
`;
